[    1939ms] [WARNING] Unrecognized feature: 'ambient-light-sensor'. @ http://localhost:8502/static/js/index.Drusyo5m.js:1
[    1939ms] [WARNING] Unrecognized feature: 'battery'. @ http://localhost:8502/static/js/index.Drusyo5m.js:1
[    1939ms] [WARNING] Unrecognized feature: 'document-domain'. @ http://localhost:8502/static/js/index.Drusyo5m.js:1
[    1939ms] [WARNING] Unrecognized feature: 'layout-animations'. @ http://localhost:8502/static/js/index.Drusyo5m.js:1
[    1939ms] [WARNING] Unrecognized feature: 'legacy-image-formats'. @ http://localhost:8502/static/js/index.Drusyo5m.js:1
[    1940ms] [WARNING] Unrecognized feature: 'oversized-images'. @ http://localhost:8502/static/js/index.Drusyo5m.js:1
[    1940ms] [WARNING] Unrecognized feature: 'vr'. @ http://localhost:8502/static/js/index.Drusyo5m.js:1
[    1940ms] [WARNING] Unrecognized feature: 'wake-lock'. @ http://localhost:8502/static/js/index.Drusyo5m.js:1
[    1965ms] [WARNING] An iframe which has both allow-scripts and allow-same-origin for its sandbox attribute can escape its sandboxing. @ http://localhost:8502/component/streamlit_option_menu.option_menu/index.html?streamlitUrl=http%3A%2F%2Flocalhost%3A8502%2F:0
[   31041ms] [WARNING] An iframe which has both allow-scripts and allow-same-origin for its sandbox attribute can escape its sandboxing. @ http://localhost:8502/component/streamlit_option_menu.option_menu/index.html?streamlitUrl=http%3A%2F%2Flocalhost%3A8502%2F:0
[  429850ms] [WARNING] WebSocket onclose @ http://localhost:8502/static/js/index.Drusyo5m.js:150
[  432199ms] [ERROR] Failed to load resource: net::ERR_CONNECTION_REFUSED @ http://localhost:8502/_stcore/health:0
[  432201ms] [ERROR] Failed to load resource: net::ERR_CONNECTION_REFUSED @ http://localhost:8502/_stcore/host-config:0
[  432451ms] [ERROR] Failed to load resource: net::ERR_CONNECTION_REFUSED @ http://localhost:8502/_stcore/health:0
[  434665ms] [ERROR] Failed to load resource: net::ERR_CONNECTION_REFUSED @ http://localhost:8502/_stcore/host-config:0
[  434667ms] [ERROR] Failed to load resource: net::ERR_CONNECTION_REFUSED @ http://localhost:8502/_stcore/health:0
[  435028ms] [ERROR] Failed to load resource: net::ERR_CONNECTION_REFUSED @ http://localhost:8502/_stcore/host-config:0
[  437011ms] [ERROR] Failed to load resource: net::ERR_CONNECTION_REFUSED @ http://localhost:8502/_stcore/health:0
[  437403ms] [ERROR] Failed to load resource: net::ERR_CONNECTION_REFUSED @ http://localhost:8502/_stcore/host-config:0
[  440145ms] [ERROR] Failed to load resource: net::ERR_CONNECTION_REFUSED @ http://localhost:8502/_stcore/health:0
[  440146ms] [ERROR] Failed to load resource: net::ERR_CONNECTION_REFUSED @ http://localhost:8502/_stcore/host-config:0
[  444269ms] [ERROR] Failed to load resource: net::ERR_CONNECTION_REFUSED @ http://localhost:8502/_stcore/health:0
[  444269ms] [ERROR] Client Error in reaching server endpoint - No response received when attempting to reach /_stcore/health @ http://localhost:8502/static/js/index.Drusyo5m.js:148
[  444271ms] [ERROR] Is Streamlit still running? If you accidentally stopped Streamlit, just restart it in your terminal: @ http://localhost:8502/static/js/index.Drusyo5m.js:154
[  444272ms] [ERROR] Failed to load resource: net::ERR_CONNECTION_REFUSED @ http://localhost:8502/_stcore/host-config:0
[  444516ms] [ERROR] Failed to load resource: net::ERR_CONNECTION_REFUSED @ http://localhost:8502/static/media/SourceCodeVF-Upright.ttf.BjWn63N-.woff2:0
[  446687ms] [ERROR] Failed to load resource: net::ERR_CONNECTION_REFUSED @ http://localhost:8502/_stcore/health:0
[  446688ms] [ERROR] Client Error in reaching server endpoint - No response received when attempting to reach /_stcore/health @ http://localhost:8502/static/js/index.Drusyo5m.js:148
[  446688ms] [ERROR] Is Streamlit still running? If you accidentally stopped Streamlit, just restart it in your terminal: @ http://localhost:8502/static/js/index.Drusyo5m.js:154
